error: cargo build --release --message-format=json-render-diagnostics failed (generated crate kept at '/users/yp_wei/flowlog/tmp/topcats-5cycle-compare/20260928T050733Z/baseline/build'):
    Updating crates.io index
warning: spurious network error (3 tries remaining): [6] Could not resolve hostname (Could not resolve host: index.crates.io)
warning: spurious network error (2 tries remaining): [6] Could not resolve hostname (Could not resolve host: index.crates.io)
warning: spurious network error (1 try remaining): [6] Could not resolve hostname (Could not resolve host: index.crates.io)
warning: spurious network error (3 tries remaining): [6] Could not resolve hostname (Could not resolve host: index.crates.io)
warning: spurious network error (3 tries remaining): [6] Could not resolve hostname (Could not resolve host: index.crates.io)
warning: spurious network error (3 tries remaining): [6] Could not resolve hostname (Could not resolve host: index.crates.io)
warning: spurious network error (3 tries remaining): [6] Could not resolve hostname (Could not resolve host: index.crates.io)
warning: spurious network error (3 tries remaining): [6] Could not resolve hostname (Could not resolve host: index.crates.io)
warning: spurious network error (3 tries remaining): [6] Could not resolve hostname (Could not resolve host: index.crates.io)
warning: spurious network error (3 tries remaining): [6] Could not resolve hostname (Could not resolve host: index.crates.io)
warning: spurious network error (3 tries remaining): [6] Could not resolve hostname (Could not resolve host: index.crates.io)
warning: spurious network error (3 tries remaining): [6] Could not resolve hostname (Could not resolve host: index.crates.io)
warning: spurious network error (3 tries remaining): [6] Could not resolve hostname (Could not resolve host: index.crates.io)
warning: spurious network error (3 tries remaining): [6] Could not resolve hostname (Could not resolve host: index.crates.io)
warning: spurious network error (3 tries remaining): [6] Could not resolve hostname (Could not resolve host: index.crates.io)
warning: spurious network error (2 tries remaining): [6] Could not resolve hostname (Could not resolve host: index.crates.io)
warning: spurious network error (2 tries remaining): [6] Could not resolve hostname (Could not resolve host: index.crates.io)
warning: spurious network error (2 tries remaining): [6] Could not resolve hostname (Could not resolve host: index.crates.io)
warning: spurious network error (2 tries remaining): [6] Could not resolve hostname (Could not resolve host: index.crates.io)
warning: spurious network error (2 tries remaining): [6] Could not resolve hostname (Could not resolve host: index.crates.io)
warning: spurious network error (2 tries remaining): [6] Could not resolve hostname (Could not resolve host: index.crates.io)
warning: spurious network error (2 tries remaining): [6] Could not resolve hostname (Could not resolve host: index.crates.io)
warning: spurious network error (2 tries remaining): [6] Could not resolve hostname (Could not resolve host: index.crates.io)
warning: spurious network error (2 tries remaining): [6] Could not resolve hostname (Could not resolve host: index.crates.io)
warning: spurious network error (2 tries remaining): [6] Could not resolve hostname (Could not resolve host: index.crates.io)
warning: spurious network error (2 tries remaining): [6] Could not resolve hostname (Could not resolve host: index.crates.io)
warning: spurious network error (2 tries remaining): [6] Could not resolve hostname (Could not resolve host: index.crates.io)
warning: spurious network error (1 try remaining): [6] Could not resolve hostname (Could not resolve host: index.crates.io)
warning: spurious network error (1 try remaining): [6] Could not resolve hostname (Could not resolve host: index.crates.io)
warning: spurious network error (1 try remaining): [6] Could not resolve hostname (Could not resolve host: index.crates.io)
warning: spurious network error (1 try remaining): [6] Could not resolve hostname (Could not resolve host: index.crates.io)
warning: spurious network error (1 try remaining): [6] Could not resolve hostname (Could not resolve host: index.crates.io)
warning: spurious network error (1 try remaining): [6] Could not resolve hostname (Could not resolve host: index.crates.io)
warning: spurious network error (1 try remaining): [6] Could not resolve hostname (Could not resolve host: index.crates.io)
warning: spurious network error (1 try remaining): [6] Could not resolve hostname (Could not resolve host: index.crates.io)
warning: spurious network error (1 try remaining): [6] Could not resolve hostname (Could not resolve host: index.crates.io)
warning: spurious network error (1 try remaining): [6] Could not resolve hostname (Could not resolve host: index.crates.io)
warning: spurious network error (1 try remaining): [6] Could not resolve hostname (Could not resolve host: index.crates.io)
warning: spurious network error (1 try remaining): [6] Could not resolve hostname (Could not resolve host: index.crates.io)
error: failed to get `differential-dataflow` as a dependency of package `program v0.1.0 (/users/yp_wei/flowlog/tmp/topcats-5cycle-compare/20260928T050733Z/baseline/build)`

Caused by:
  failed to load source for dependency `differential-dataflow`

Caused by:
  unable to update registry `crates-io`

Caused by:
  download of config.json failed

Caused by:
  [6] Could not resolve hostname (Could not resolve host: index.crates.io)
